// Vitest Snapshot v1, https://vitest.dev/guide/snapshot.html

exports[`GridHead > should match the snapshot 1`] = `
<DocumentFragment>
  <table>
    <thead
      class="_head_9c81fa"
    >
      <tr
        class="_head_row_9c81fa"
      >
        <th
          class="_headerCell_b901e7"
        >
          <div
            class="_checkbox_85cb9e"
          >
            <input
              class="_checkbox_input_85cb9e"
              id="select_all_test-grid-id"
              type="checkbox"
            />
            <label
              class="_label_25e64c"
              for="select_all_test-grid-id"
            >
              <svg
                fill="currentColor"
                height="1em"
                role="img"
                viewBox="0 0 16 16"
                width="1em"
              >
                <path
                  d="M14 0H2C.9 0 0 .9 0 2v12c0 1.1.9 2 2 2h12c1.1 0 2-.9 2-2V2c0-1.1-.9-2-2-2zm0 14H2V2h12v12z"
                  fill="currentColor"
                />
              </svg>
            </label>
          </div>
        </th>
        <th
          class="_headerCell_c44934"
        >
          Col 1
        </th>
        <th
          class="_headerCell_c44934"
        >
          Col 2
        </th>
        <th
          class="_headerCell_c44934"
        >
          Col 3
        </th>
      </tr>
    </thead>
  </table>
</DocumentFragment>
`;
