// Vitest Snapshot v1, https://vitest.dev/guide/snapshot.html

exports[`Checkbox > should render the input correctly 1`] = `
<DocumentFragment>
  <div
    class="_checkbox_dec1a8"
  >
    <input
      id="test-checkbox-id"
      name="checkbox"
      type="checkbox"
    />
    <label
      class="_label_c20562"
      for="test-checkbox-id"
    >
      <svg
        fill="currentColor"
        height="1em"
        viewBox="0 0 16 16"
        width="1em"
      >
        <path
          d="M14 0H2C.9 0 0 .9 0 2v12c0 1.1.9 2 2 2h12c1.1 0 2-.9 2-2V2c0-1.1-.9-2-2-2zm0 14H2V2h12v12z"
          fill="currentColor"
        />
      </svg>
      <span>
        Test label
      </span>
    </label>
  </div>
</DocumentFragment>
`;
