// Vitest Snapshot v1, https://vitest.dev/guide/snapshot.html

exports[`GridRow > should match the snapshot 1`] = `
<DocumentFragment>
  <table>
    <tbody>
      <tr
        class="_row_2c96fd"
      >
        <td
          class="_cell_4fae7d"
        >
          <div
            class="_checkbox_a434a4"
          >
            <input
              class="_checkbox_input_a434a4"
              id="select_row_item-1"
              type="checkbox"
            />
            <label
              class="_label_c20562"
              for="select_row_item-1"
            >
              <svg
                fill="currentColor"
                height="1em"
                viewBox="0 0 16 16"
                width="1em"
                xmlns="http://www.w3.org/2000/svg"
              >
                <path
                  d="M14 0H2C.9 0 0 .9 0 2v12c0 1.1.9 2 2 2h12c1.1 0 2-.9 2-2V2c0-1.1-.9-2-2-2zm0 14H2V2h12v12z"
                  fill="currentColor"
                />
              </svg>
            </label>
          </div>
        </td>
        <td
          class="_cell_ae74a7"
        >
          Value 1
        </td>
        <td
          class="_cell_ae74a7"
        >
          Value 2
        </td>
        <td
          class="_cell_ae74a7"
        >
          <span>
            Value 3
          </span>
        </td>
      </tr>
    </tbody>
  </table>
</DocumentFragment>
`;
