// Vitest Snapshot v1, https://vitest.dev/guide/snapshot.html

exports[`Grid > should match the snapshot 1`] = `
<DocumentFragment>
  <table
    class="_grid_384728 test-class"
    style="width: 100px;"
    tabindex="-1"
  >
    <colgroup>
      <col
        class="_column_08065d _column__first_08065d"
      />
      <col
        class="_column_08065d"
      />
      <col
        class="_column_08065d"
      />
      <col
        class="_column_08065d"
      />
      <col
        class="_column_08065d"
      />
    </colgroup>
    <thead
      class="_head_7f4cec"
    >
      <tr
        class="_head_row_7f4cec"
      >
        <th
          class="_headerCell_d2069a"
        >
          <div
            class="_checkbox_a434a4"
          >
            <input
              class="_checkbox_input_a434a4"
              id="select_all_grid-id"
              type="checkbox"
            />
            <label
              class="_label_c20562"
              for="select_all_grid-id"
            >
              <svg
                fill="currentColor"
                height="1em"
                role="img"
                viewBox="0 0 16 16"
                width="1em"
              >
                <path
                  d="M14 0H2C.9 0 0 .9 0 2v12c0 1.1.9 2 2 2h12c1.1 0 2-.9 2-2V2c0-1.1-.9-2-2-2zm0 14H2V2h12v12z"
                  fill="currentColor"
                />
              </svg>
            </label>
          </div>
        </th>
        <th
          class="_headerCell_37da90"
        >
          Company
        </th>
        <th
          class="_headerCell_37da90"
        >
          Contact
        </th>
        <th
          class="_headerCell_37da90"
        >
          Country
        </th>
        <th
          class="_headerCell_37da90"
        >
          Phone
        </th>
      </tr>
    </thead>
    <tbody
      class="_body_0a5981"
    >
      <tr
        class="_row_2c96fd"
      >
        <td
          class="_cell_4fae7d"
        >
          <div
            class="_checkbox_a434a4"
          >
            <input
              class="_checkbox_input_a434a4"
              id="select_row_row1"
              type="checkbox"
            />
            <label
              class="_label_c20562"
              for="select_row_row1"
            >
              <svg
                fill="currentColor"
                height="1em"
                role="img"
                viewBox="0 0 16 16"
                width="1em"
              >
                <path
                  d="M14 0H2C.9 0 0 .9 0 2v12c0 1.1.9 2 2 2h12c1.1 0 2-.9 2-2V2c0-1.1-.9-2-2-2zm0 14H2V2h12v12z"
                  fill="currentColor"
                />
              </svg>
            </label>
          </div>
        </td>
        <td
          class="_cell_ae74a7"
        />
        <td
          class="_cell_ae74a7"
        >
          Maria
        </td>
        <td
          class="_cell_ae74a7"
        >
          Germany
        </td>
        <td
          class="_cell_ae74a7"
        >
          123-345-7890
        </td>
      </tr>
      <tr
        class="_row_2c96fd"
      >
        <td
          class="_cell_4fae7d"
        >
          <div
            class="_checkbox_a434a4"
          >
            <input
              class="_checkbox_input_a434a4"
              id="select_row_row2"
              type="checkbox"
            />
            <label
              class="_label_c20562"
              for="select_row_row2"
            >
              <svg
                fill="currentColor"
                height="1em"
                role="img"
                viewBox="0 0 16 16"
                width="1em"
              >
                <path
                  d="M14 0H2C.9 0 0 .9 0 2v12c0 1.1.9 2 2 2h12c1.1 0 2-.9 2-2V2c0-1.1-.9-2-2-2zm0 14H2V2h12v12z"
                  fill="currentColor"
                />
              </svg>
            </label>
          </div>
        </td>
        <td
          class="_cell_ae74a7"
        />
        <td
          class="_cell_ae74a7"
        >
          Francisco
        </td>
        <td
          class="_cell_ae74a7"
        >
          Mexico
        </td>
        <td
          class="_cell_ae74a7"
        >
          123-345-7890
        </td>
      </tr>
      <tr
        class="_row_2c96fd"
      >
        <td
          class="_cell_4fae7d"
        >
          <div
            class="_checkbox_a434a4"
          >
            <input
              class="_checkbox_input_a434a4"
              id="select_row_row3"
              type="checkbox"
            />
            <label
              class="_label_c20562"
              for="select_row_row3"
            >
              <svg
                fill="currentColor"
                height="1em"
                role="img"
                viewBox="0 0 16 16"
                width="1em"
              >
                <path
                  d="M14 0H2C.9 0 0 .9 0 2v12c0 1.1.9 2 2 2h12c1.1 0 2-.9 2-2V2c0-1.1-.9-2-2-2zm0 14H2V2h12v12z"
                  fill="currentColor"
                />
              </svg>
            </label>
          </div>
        </td>
        <td
          class="_cell_ae74a7"
        >
          Ernst Handel
        </td>
        <td
          class="_cell_ae74a7"
        >
          Roland Mendel
        </td>
        <td
          class="_cell_ae74a7"
        >
          Austria
        </td>
        <td
          class="_cell_ae74a7"
        >
          123-345-7890
        </td>
      </tr>
      <tr
        class="_row_2c96fd"
      >
        <td
          class="_cell_4fae7d"
        >
          <div
            class="_checkbox_a434a4"
          >
            <input
              class="_checkbox_input_a434a4"
              id="select_row_row4"
              type="checkbox"
            />
            <label
              class="_label_c20562"
              for="select_row_row4"
            >
              <svg
                fill="currentColor"
                height="1em"
                role="img"
                viewBox="0 0 16 16"
                width="1em"
              >
                <path
                  d="M14 0H2C.9 0 0 .9 0 2v12c0 1.1.9 2 2 2h12c1.1 0 2-.9 2-2V2c0-1.1-.9-2-2-2zm0 14H2V2h12v12z"
                  fill="currentColor"
                />
              </svg>
            </label>
          </div>
        </td>
        <td
          class="_cell_ae74a7"
        >
          Island Trading
        </td>
        <td
          class="_cell_ae74a7"
        >
          Helen Bennett
        </td>
        <td
          class="_cell_ae74a7"
        >
          UK
        </td>
        <td
          class="_cell_ae74a7"
        >
          123-345-7890
        </td>
      </tr>
      <tr
        class="_row_2c96fd"
      >
        <td
          class="_cell_4fae7d"
        >
          <div
            class="_checkbox_a434a4"
          >
            <input
              class="_checkbox_input_a434a4"
              id="select_row_row5"
              type="checkbox"
            />
            <label
              class="_label_c20562"
              for="select_row_row5"
            >
              <svg
                fill="currentColor"
                height="1em"
                role="img"
                viewBox="0 0 16 16"
                width="1em"
              >
                <path
                  d="M14 0H2C.9 0 0 .9 0 2v12c0 1.1.9 2 2 2h12c1.1 0 2-.9 2-2V2c0-1.1-.9-2-2-2zm0 14H2V2h12v12z"
                  fill="currentColor"
                />
              </svg>
            </label>
          </div>
        </td>
        <td
          class="_cell_ae74a7"
        >
          Laughing Bacchus
        </td>
        <td
          class="_cell_ae74a7"
        />
        <td
          class="_cell_ae74a7"
        >
          Canada
        </td>
        <td
          class="_cell_ae74a7"
        >
          123-345-7890
        </td>
      </tr>
      <tr
        class="_row_2c96fd"
      >
        <td
          class="_cell_4fae7d"
        >
          <div
            class="_checkbox_a434a4"
          >
            <input
              class="_checkbox_input_a434a4"
              id="select_row_row6"
              type="checkbox"
            />
            <label
              class="_label_c20562"
              for="select_row_row6"
            >
              <svg
                fill="currentColor"
                height="1em"
                role="img"
                viewBox="0 0 16 16"
                width="1em"
              >
                <path
                  d="M14 0H2C.9 0 0 .9 0 2v12c0 1.1.9 2 2 2h12c1.1 0 2-.9 2-2V2c0-1.1-.9-2-2-2zm0 14H2V2h12v12z"
                  fill="currentColor"
                />
              </svg>
            </label>
          </div>
        </td>
        <td
          class="_cell_ae74a7"
        />
        <td
          class="_cell_ae74a7"
        >
          Giovanni
        </td>
        <td
          class="_cell_ae74a7"
        >
          Italy
        </td>
        <td
          class="_cell_ae74a7"
        >
          123-345-7890
        </td>
      </tr>
    </tbody>
  </table>
</DocumentFragment>
`;
