// Vitest Snapshot v1, https://vitest.dev/guide/snapshot.html

exports[`SelectGridRowCheckbox > should match the snapshot 1`] = `
<DocumentFragment>
  <table>
    <thead>
      <tr>
        <td
          class="_grid_cell_384728"
        >
          <div
            class="_checkbox_384728 _checkbox__checked_384728"
          >
            <input
              checked=""
              class="_checkbox_input_384728"
              id="select_row_grid-id"
              type="checkbox"
            />
            <label
              class="_label_e79f9d"
              for="select_row_grid-id"
            >
              <svg
                fill="currentColor"
                height="1em"
                role="img"
                viewBox="0 0 16 16"
                width="1em"
              >
                <path
                  d="M14 0H2C.9 0 0 .9 0 2v12c0 1.1.9 2 2 2h12c1.1 0 2-.9 2-2V2c0-1.1-.9-2-2-2zM7 12.414L3.293 8.707l1.414-1.414L7 9.586l4.793-4.793 1.414 1.414L7 12.414z"
                  fill="currentColor"
                />
              </svg>
            </label>
          </div>
        </td>
      </tr>
    </thead>
  </table>
</DocumentFragment>
`;
