// Vitest Snapshot v1, https://vitest.dev/guide/snapshot.html

exports[`ChopLogicButton component > should render correctly 1`] = `
<DocumentFragment>
  <button
    class="testClass"
    id="test-id"
    type="button"
  >
    Test
  </button>
</DocumentFragment>
`;
