// Vitest Snapshot v1, https://vitest.dev/guide/snapshot.html

exports[`ChopLogicGridBody > should match the snapshot 1`] = `
<DocumentFragment>
  <table>
    <tbody
      class="sc-egkSDF frXiSn"
    >
      <tr
        class="sc-kLhKbu jokEaU"
      >
        <td
          class="sc-ivxoEo cMBTyn"
        >
          <div
            class="sc-khLCKb ciFKLI"
          >
            <input
              class="sc-dstKZu bbfSNT"
              id="select_row_row1"
              type="checkbox"
            />
            <label
              class="sc-keTIit eelhQH"
              for="select_row_row1"
            >
              <svg
                fill="currentColor"
                height="1em"
                viewBox="0 0 16 16"
                width="1em"
              >
                <path
                  d="M14 0H2C.9 0 0 .9 0 2v12c0 1.1.9 2 2 2h12c1.1 0 2-.9 2-2V2c0-1.1-.9-2-2-2zm0 14H2V2h12v12z"
                  fill="currentColor"
                />
              </svg>
            </label>
          </div>
        </td>
        <td
          class="sc-ivxoEo cMBTyn"
        >
          Value 1
        </td>
        <td
          class="sc-ivxoEo cMBTyn"
        >
          Value 2
        </td>
        <td
          class="sc-ivxoEo cMBTyn"
        >
          Value 3
        </td>
      </tr>
      <tr
        class="sc-kLhKbu jokEaU"
      >
        <td
          class="sc-ivxoEo cMBTyn"
        >
          <div
            class="sc-khLCKb ciFKLI"
          >
            <input
              class="sc-dstKZu bbfSNT"
              id="select_row_row2"
              type="checkbox"
            />
            <label
              class="sc-keTIit eelhQH"
              for="select_row_row2"
            >
              <svg
                fill="currentColor"
                height="1em"
                viewBox="0 0 16 16"
                width="1em"
              >
                <path
                  d="M14 0H2C.9 0 0 .9 0 2v12c0 1.1.9 2 2 2h12c1.1 0 2-.9 2-2V2c0-1.1-.9-2-2-2zm0 14H2V2h12v12z"
                  fill="currentColor"
                />
              </svg>
            </label>
          </div>
        </td>
        <td
          class="sc-ivxoEo cMBTyn"
        >
          Value 5
        </td>
        <td
          class="sc-ivxoEo cMBTyn"
        >
          Value 6
        </td>
        <td
          class="sc-ivxoEo cMBTyn"
        >
          Value 7
        </td>
      </tr>
      <tr
        class="sc-kLhKbu jokEaU"
      >
        <td
          class="sc-ivxoEo cMBTyn"
        >
          <div
            class="sc-khLCKb ciFKLI"
          >
            <input
              class="sc-dstKZu bbfSNT"
              id="select_row_row3"
              type="checkbox"
            />
            <label
              class="sc-keTIit eelhQH"
              for="select_row_row3"
            >
              <svg
                fill="currentColor"
                height="1em"
                viewBox="0 0 16 16"
                width="1em"
              >
                <path
                  d="M14 0H2C.9 0 0 .9 0 2v12c0 1.1.9 2 2 2h12c1.1 0 2-.9 2-2V2c0-1.1-.9-2-2-2zm0 14H2V2h12v12z"
                  fill="currentColor"
                />
              </svg>
            </label>
          </div>
        </td>
        <td
          class="sc-ivxoEo cMBTyn"
        >
          Value 9
        </td>
        <td
          class="sc-ivxoEo cMBTyn"
        >
          Value 10
        </td>
        <td
          class="sc-ivxoEo cMBTyn"
        >
          Value 11
        </td>
      </tr>
    </tbody>
  </table>
</DocumentFragment>
`;
