// Vitest Snapshot v1, https://vitest.dev/guide/snapshot.html

exports[`InputInnerButton > should match the snapshot 1`] = `
<DocumentFragment>
  <button
    aria-label="Test input"
    class="sc-egkSDF fydvLw"
    type="button"
  >
    <span
      aria-label="SVG Icon Fallback"
      style="font-size: 1rem;"
    >
      â¬œ
    </span>
  </button>
</DocumentFragment>
`;
