// Vitest Snapshot v1, https://vitest.dev/guide/snapshot.html

exports[`MenuItem > should match the snapshot 1`] = `
<DocumentFragment>
  <div
    data-testid="submenu"
  >
    <button>
      Toggle SubMenu
    </button>
    <ul
      aria-label="Nested Item"
      class="sc-blHHSb sc-gtLWhw rfDDh dgctoX"
      role="menu"
    >
      <div
        data-testid="menu-leaf"
      >
        Child Item 1
      </div>
      <div
        data-testid="menu-leaf"
      >
        Child Item 2
      </div>
    </ul>
  </div>
</DocumentFragment>
`;
