// Vitest Snapshot v1, https://vitest.dev/guide/snapshot.html

exports[`NumericInput > should match the snapshot 1`] = `
<DocumentFragment>
  <div
    class="sc-knesRu keCzej"
  >
    <div
      class="sc-dnaUSb hVscX"
    >
      <label
        class="sc-iKTcqh dCKerg"
        for="numeric-input"
      >
        <span
          class="sc-gnpbhQ eBqzwP"
        >
          Quantity
        </span>
      </label>
      <span
        class="sc-dkjaqt lfyCkO"
      >
        <input
          aria-errormessage="numeric-input_error"
          aria-invalid="false"
          class="sc-kkmypM fcxFcU"
          id="numeric-input"
          max="9007199254740991"
          min="-9007199254740991"
          name="quantity"
          placeholder="0"
          step="1"
          type="number"
          value="0"
        />
        <span
          class="sc-jCbFiK fEirZx"
        >
          <button
            aria-label="Increment value for Quantity"
            class="sc-iCZwEW dTVEfm"
            type="button"
          >
            <svg
              fill="currentColor"
              height="1em"
              viewBox="0 0 16 16"
              width="1em"
            >
              <path
                d="M7.776 5.553a.5.5 0 01.448 0l6 3a.5.5 0 11-.448.894L8 6.56 2.224 9.447a.5.5 0 11-.448-.894l6-3z"
                fill-rule="evenodd"
              />
            </svg>
          </button>
          <button
            aria-label="Decrement value for Quantity"
            class="sc-iCZwEW dTVEfm"
            type="button"
          >
            <svg
              fill="currentColor"
              height="1em"
              viewBox="0 0 16 16"
              width="1em"
            >
              <path
                d="M1.553 6.776a.5.5 0 01.67-.223L8 9.44l5.776-2.888a.5.5 0 11.448.894l-6 3a.5.5 0 01-.448 0l-6-3a.5.5 0 01-.223-.67z"
                fill-rule="evenodd"
              />
            </svg>
          </button>
        </span>
      </span>
    </div>
    <span
      class="sc-dsLQwm Oiwth"
      id="numeric-input_error"
    >
      Invalid input
    </span>
  </div>
</DocumentFragment>
`;
