// Vitest Snapshot v1, https://vitest.dev/guide/snapshot.html

exports[`ChopLogicErrorMessage > should match the snapshot 1`] = `
<DocumentFragment>
  <span
    class="sc-braxZu jjfUlA"
    id="test-error-id"
  >
    Incorrect input
  </span>
</DocumentFragment>
`;
